// Jest Snapshot v1, https://goo.gl/fbAQLP

exports[`Should render correct withActivePlayer which is playing 1`] = `
<div>
  <video
    className="player__video"
    muted={true}
    poster="img/the-grand-budapest-hotel-bg.jpg"
  />
</div>
`;

exports[`Should render correct withActivePlayer which isn't playing 1`] = `
<div>
  <video
    className="player__video"
    muted={true}
    poster="img/the-grand-budapest-hotel-bg.jpg"
  />
</div>
`;
